../admin/addforum.php
../admin/index.php
../admin/installlog.php
../admin/log.php
../includes/common.php
../includes/forms.php
../includes/functions.php
../includes/help.php
../includes/index.php
../includes/mysql.php
../includes/sendmail.php
../includes/templates.php
../includes/user.php
../includes/versions.php
../install/database.php
../install/index.php
../themes/default/emote/banhammer.gif
../themes/default/emote/closedeyes.gif
../themes/default/emote/confused.gif
../themes/default/emote/cool.gif
../themes/default/emote/cry.gif
../themes/default/emote/grin.gif
../themes/default/emote/jawohl.gif
../themes/default/emote/neutral.gif
../themes/default/emote/offtopic.gif
../themes/default/emote/ohmy.gif
../themes/default/emote/owned.gif
../themes/default/emote/sad.gif
../themes/default/emote/smile.gif
../themes/default/emote/spam.gif
../themes/default/emote/tongue.gif
../themes/default/emote/unsure.gif
../themes/default/emote/wink.gif
../themes/default/announce.png
../themes/default/edit_post_icon.gif
../themes/default/emotes.lst
../themes/default/emoticons.php
../themes/default/error.png
../themes/default/forum_read_locked.png
../themes/default/icon_topic.gif
../themes/default/icon_topic_locked.gif
../themes/default/images.lst
../themes/default/images.php
../themes/default/index.php
../themes/default/lastpost.gif
../themes/default/style.css
../themes/default/warning.png
../themes/default/x.bmp
../admin.php
../index.php
../editpost.php
../install.php
../newpost.php
../newtopic.php
../registration.php
../usractivate.php
../viewforum.php
../viewtopic.php
../viewtopics.php